################################################################################
#                                                                              #
#      IAR Universal Linker V5.7.0.39                                          #
#                                                                              #
#           Link time     =  20/Sep/2016  17:32:34                             #
#           Target CPU    =  A90                                               #
#           List file     =  C:\Users\Administrator\Desktop\ATmega128Project\D #
#                            ebug\List\atmega128.map                           #
#           Output file 1 =  C:\Users\Administrator\Desktop\ATmega128Project\D #
#                            ebug\Exe\atmega128.d90                            #
#                            Format: debug                                     #
#                            UBROF version 10.0.6                              #
#                            Using library modules for C-SPY (-rt)             #
#           Command line  =  C:\Users\Administrator\Desktop\ATmega128Project\D #
#                            ebug\Obj\ISR.r90                                  #
#                            C:\Users\Administrator\Desktop\ATmega128Project\D #
#                            ebug\Obj\adc.r90                                  #
#                            C:\Users\Administrator\Desktop\ATmega128Project\D #
#                            ebug\Obj\beep.r90                                 #
#                            C:\Users\Administrator\Desktop\ATmega128Project\D #
#                            ebug\Obj\dac_tlc5615.r90                          #
#                            C:\Users\Administrator\Desktop\ATmega128Project\D #
#                            ebug\Obj\delay.r90                                #
#                            C:\Users\Administrator\Desktop\ATmega128Project\D #
#                            ebug\Obj\ds1302.r90                               #
#                            C:\Users\Administrator\Desktop\ATmega128Project\D #
#                            ebug\Obj\ds18b20.r90                              #
#                            C:\Users\Administrator\Desktop\ATmega128Project\D #
#                            ebug\Obj\e2prom.r90                               #
#                            C:\Users\Administrator\Desktop\ATmega128Project\D #
#                            ebug\Obj\key.r90                                  #
#                            C:\Users\Administrator\Desktop\ATmega128Project\D #
#                            ebug\Obj\lcd1602.r90                              #
#                            C:\Users\Administrator\Desktop\ATmega128Project\D #
#                            ebug\Obj\led.r90                                  #
#                            C:\Users\Administrator\Desktop\ATmega128Project\D #
#                            ebug\Obj\ledshow.r90                              #
#                            C:\Users\Administrator\Desktop\ATmega128Project\D #
#                            ebug\Obj\main.r90                                 #
#                            C:\Users\Administrator\Desktop\ATmega128Project\D #
#                            ebug\Obj\my_math.r90                              #
#                            C:\Users\Administrator\Desktop\ATmega128Project\D #
#                            ebug\Obj\queue.r90                                #
#                            C:\Users\Administrator\Desktop\ATmega128Project\D #
#                            ebug\Obj\redctrl.r90                              #
#                            C:\Users\Administrator\Desktop\ATmega128Project\D #
#                            ebug\Obj\removectrl.r90                           #
#                            C:\Users\Administrator\Desktop\ATmega128Project\D #
#                            ebug\Obj\song.r90                                 #
#                            C:\Users\Administrator\Desktop\ATmega128Project\D #
#                            ebug\Obj\spi.r90                                  #
#                            C:\Users\Administrator\Desktop\ATmega128Project\D #
#                            ebug\Obj\step_motor.r90                           #
#                            C:\Users\Administrator\Desktop\ATmega128Project\D #
#                            ebug\Obj\timer.r90                                #
#                            C:\Users\Administrator\Desktop\ATmega128Project\D #
#                            ebug\Obj\uart.r90                                 #
#                            -o                                                #
#                            C:\Users\Administrator\Desktop\ATmega128Project\D #
#                            ebug\Exe\atmega128.d90                            #
#                            -l                                                #
#                            C:\Users\Administrator\Desktop\ATmega128Project\D #
#                            ebug\List\atmega128.map                           #
#                            -xms                                              #
#                            "-ID:\Program Files (x86)\IAR Systems\Embedded Wo #
#                            rkbench 6.5\avr\LIB\"                             #
#                            -f                                                #
#                            "D:\Program Files (x86)\IAR Systems\Embedded Work #
#                            bench 6.5\avr\src\template\cfgm128a.xcl"          #
#                            (-D_..X_INTVEC_SIZE=8C -D_..X_FLASH_NEND=FFFF     #
#                            -D_..X_FLASH_END=1FFFF -D_..X_SRAM_BASE=100       #
#                            -D_..X_SRAM_TBASE=0 -D_..X_SRAM_TSIZE=0           #
#                            -D_..X_SRAM_END=10FF -D_..X_EEPROM_END=FFF        #
#                            -D_..X_EEPROM_START=0) -D_..X_HEAP_SIZE=0         #
#                            -D_..X_TINY_HEAP_SIZE=0                           #
#                            -D_..X_NEAR_HEAP_SIZE=20 -D_..X_FAR_HEAP_SIZE=0   #
#                            -D_..X_HUGE_HEAP_SIZE=0 -D_..X_CSTACK_SIZE=FF     #
#                            -D_..X_RSTACK_SIZE=20                             #
#                            -D_..X_FLASH_CODE_END=1FFFF -f                    #
#                            "D:\Program Files (x86)\IAR Systems\Embedded Work #
#                            bench 6.5\avr\src\template\cfg3soim.xcl"          #
#                            (-ca90 -w29                                       #
#                            -Z(CODE)INTVEC=0-(_..X_INTVEC_SIZE-1)             #
#                            -Z(CODE)TINY_F=_..X_FLASH_BASE-FF                 #
#                            -Z(CODE)NEAR_F=_..X_FLASH_BASE-_..X_FLASH_NEND    #
#                            -Z(CODE)SWITCH=_..X_FLASH_BASE-_..X_FLASH_NEND    #
#                            -Z(CODE)DIFUNCT=_..X_FLASH_BASE-_..X_FLASH_NEND   #
#                            -Z(CODE)CODE=_..X_FLASH_BASE-_..X_FLASH_END       #
#                            -P(CODE)FAR_F=[_..X_FLASH_BASE-_..X_FLASH_END]/10 #
#                            000                                               #
#                            -Z(CODE)INITTAB=_..X_FLASH_BASE-_..X_FLASH_END    #
#                            -Z(CODE)HUGE_F=_..X_FLASH_BASE-_..X_FLASH_END     #
#                            -Z(CODE)TINY_ID=_..X_FLASH_BASE-_..X_FLASH_END    #
#                            -Z(CODE)NEAR_ID=_..X_FLASH_BASE-_..X_FLASH_END    #
#                            -Z(CODE)CHECKSUM#_..X_FLASH_END                   #
#                            -Z(DATA)TINY_I,TINY_Z,TINY_N=_..X_SRAM_TBASE:+_.. #
#                            X_SRAM_TSIZE                                      #
#                            -Z(DATA)CSTACK+_..X_CSTACK_SIZE=_..X_CSTACK_BASE- #
#                            _..X_CSTACK_END                                   #
#                            -Z(DATA)HEAP+_..X_HEAP_SIZE=_..X_SRAM_BASE-_..X_S #
#                            RAM_END                                           #
#                            -Z(DATA)IOSTREAM_N#_..X_SRAM_BASE-_..X_SRAM_END   #
#                            -Z(DATA)NEAR_HEAP+_..X_NEAR_HEAP_SIZE=_..X_SRAM_B #
#                            ASE-_..X_SRAM_END                                 #
#                            -Z(DATA)RSTACK+_..X_RSTACK_SIZE=_..X_RSTACK_BASE- #
#                            _..X_RSTACK_END                                   #
#                            -Z(DATA)NEAR_I,NEAR_Z,NEAR_N=_..X_SRAM_BASE-_..X_ #
#                            SRAM_END                                          #
#                            -Z(XDATA)EEPROM_I,EEPROM_N=_..X_EEPROM_START-_..X #
#                            _EEPROM_END)                                      #
#                            -D_..X_FLASH_BASE=_..X_INTVEC_SIZE -H1895         #
#                            -h(CODE)0-(_..X_INTVEC_SIZE-1)                    #
#                            -D_..X_EXT_SRAM_BASE=_..X_SRAM_END                #
#                            -D_..X_EXT_SRAM_SIZE=0                            #
#                            -D_..X_EXT_ROM_BASE=_..X_SRAM_END                 #
#                            -D_..X_EXT_ROM_SIZE=0                             #
#                            -D_..X_EXT_NV_BASE=_..X_SRAM_END                  #
#                            -D_..X_EXT_NV_SIZE=0                              #
#                            -D_..X_CSTACK_BASE=_..X_SRAM_BASE                 #
#                            -D_..X_CSTACK_END=_..X_SRAM_END                   #
#                            -D_..X_RSTACK_BASE=_..X_SRAM_BASE                 #
#                            -D_..X_RSTACK_END=_..X_SRAM_END -rt -s            #
#                            __program_start                                   #
#                            "D:\Program Files (x86)\IAR Systems\Embedded Work #
#                            bench 6.5\avr\LIB\DLIB\dlAVR-3s-ec_mul-f.r90"     #
#                                                                              #
#                           Copyright (C) 1987-2013 IAR Systems AB.            #
################################################################################





                ****************************************
                *                                      *
                *           CROSS REFERENCE            *
                *                                      *
                ****************************************

       Program entry at : CODE      00000000  Relocatable, from module : ?RESET




                ****************************************
                *                                      *
                *            RUNTIME MODEL             *
                *                                      *
                ****************************************

  R10                        = REG
  R11                        = REG
  R12                        = REG
  R13                        = REG
  R14                        = REG
  R15                        = REG
  R4                         = REG
  R5                         = REG
  R6                         = REG
  R7                         = REG
  R8                         = REG
  R9                         = REG
  __64bit_doubles            = disabled
  __Heap_Handler             = Basic
  __SystemLibrary            = DLib
  __cpu                      = 3
  __cpu_name                 = ATmega128A
  __dlib_file_descriptor     = 1
  __dlib_full_locale_support = 1
  __enhanced_core            = enabled
  __has_elpm                 = true
  __memory_model             = 2
  __no_rampd                 = enabled
  __rt_version               = 3
  __tiny_avr                 = false

                ****************************************
                *                                      *
                *    AUTOMATIC SYMBOL REDIRECTIONS     *
                *                                      *
                ****************************************

       All references to: _Printf
         were redirected to: _PrintfSmallNoMb



                ****************************************
                *                                      *
                *              MODULE MAP              *
                *                                      *
                ****************************************


  DEFINED ABSOLUTE ENTRIES
  PROGRAM MODULE, NAME : ?ABS_ENTRY_MOD

Absolute parts
           ENTRY                   ADDRESS         REF BY
           =====                   =======         ======
           _..X_RSTACK_END         000010FF 
           _..X_RSTACK_BASE        00000100 
           _..X_CSTACK_END         000010FF 
           _..X_CSTACK_BASE        00000100 
           _..X_EXT_NV_SIZE        00000000 
           _..X_EXT_NV_BASE        000010FF 
           _..X_EXT_ROM_SIZE       00000000 
           _..X_EXT_ROM_BASE       000010FF 
           _..X_EXT_SRAM_SIZE      00000000 
           _..X_EXT_SRAM_BASE      000010FF 
           _..X_FLASH_BASE         0000008C 
           _..X_FLASH_CODE_END     0001FFFF 
           _..X_RSTACK_SIZE        00000020 
           _..X_CSTACK_SIZE        000000FF 
           _..X_HUGE_HEAP_SIZE     00000000 
           _..X_FAR_HEAP_SIZE      00000000 
           _..X_NEAR_HEAP_SIZE     00000020 
           _..X_TINY_HEAP_SIZE     00000000 
           _..X_HEAP_SIZE          00000000 
           _..X_EEPROM_START       00000000 
           _..X_EEPROM_END         00000FFF 
           _..X_SRAM_END           000010FF 
           _..X_SRAM_TSIZE         00000000 
           _..X_SRAM_TBASE         00000000 
           _..X_SRAM_BASE          00000100 
           _..X_FLASH_END          0001FFFF 
           _..X_FLASH_NEND         0000FFFF 
           _..X_INTVEC_SIZE        0000008C 
    *************************************************************************

  FILE NAME : C:\Users\Administrator\Desktop\ATmega128Project\Debug\Obj\ISR.r90
  PROGRAM MODULE, NAME : ISR

  SEGMENTS IN THE MODULE
  ======================
ABSOLUTE
  Relative segment, address: DATA 00000024 - 00000025 (0x2 bytes), align: 0
  Segment part 1. ROOT.       Intra module refs:   ADC_server
           ENTRY                   ADDRESS         REF BY
           =====                   =======         ======
           _A_ADC                  00000024 
           LOCAL                   ADDRESS         
           =====                   =======         
           ADC                     00000024 
           ADCH                    00000025 
           ADCL                    00000024 
    -------------------------------------------------------------------------
ABSOLUTE
  Relative segment, address: DATA 0000002C - 0000002C (0x1 bytes), align: 0
  Segment part 2. ROOT.       Intra module refs:   SendByte (uart)
                                                   USART0_RXC_server
           ENTRY                   ADDRESS         REF BY
           =====                   =======         ======
           _A_UDR0                 0000002C 
           LOCAL                   ADDRESS         
           =====                   =======         
           UDR0                    0000002C 
    -------------------------------------------------------------------------
ABSOLUTE
  Relative segment, address: DATA 0000004C - 0000004D (0x2 bytes), align: 0
  Segment part 3. ROOT.       Intra module refs:   TIMER1_OVF_server
           ENTRY                   ADDRESS         REF BY
           =====                   =======         ======
           _A_TCNT1                0000004C 
           LOCAL                   ADDRESS         
           =====                   =======         
           TCNT1                   0000004C 
           TCNT1H                  0000004D 
           TCNT1L                  0000004C 
    -------------------------------------------------------------------------
ABSOLUTE
  Relative segment, address: DATA 00000052 - 00000052 (0x1 bytes), align: 0
  Segment part 4. ROOT.       Intra module refs:   TIMER0_OVF_server
                                                   timer0Init (timer)
           ENTRY                   ADDRESS         REF BY
           =====                   =======         ======
           _A_TCNT0                00000052 
           LOCAL                   ADDRESS         
           =====                   =======         
           TCNT0                   00000052 
    -------------------------------------------------------------------------
ABSOLUTE
  Relative segment, address: DATA 0000009B - 0000009B (0x1 bytes), align: 0
  Segment part 5. ROOT.       Intra module refs:   USART1_RXC_server
           ENTRY                   ADDRESS         REF BY
           =====                   =======         ======
           _A_UCSR1A               0000009B 
           LOCAL                   ADDRESS         
           =====                   =======         
           UCSR1A                  0000009B 
    -------------------------------------------------------------------------
ABSOLUTE
  Relative segment, address: DATA 0000009C - 0000009C (0x1 bytes), align: 0
  Segment part 6. ROOT.       Intra module refs:   USART1_RXC_server
           ENTRY                   ADDRESS         REF BY
           =====                   =======         ======
           _A_UDR1                 0000009C 
           LOCAL                   ADDRESS         
           =====                   =======         
           UDR1                    0000009C 
    -------------------------------------------------------------------------
NEAR_Z
  Relative segment, address: DATA 000002A1 - 000002A2 (0x2 bytes), align: 0
  Segment part 23.            Intra module refs:   INT0_server
                                                   INTO_server
                                                   TIMER0_OVF_server
                                                   TIMER1_OVF_server
           ENTRY                   ADDRESS         REF BY
           =====                   =======         ======
           count                   000002A1        DS1302_Test (ds1302)
    -------------------------------------------------------------------------
CODE
  Relative segment, address: CODE 0000008C - 000000B1 (0x26 bytes), align: 1
  Segment part 25.            Intra module refs:   INT0_server::??INTVEC 4
           ENTRY                   ADDRESS         REF BY
           =====                   =======         ======
           INT0_server             0000008C 
               interrupt function
               CSTACK = 00000000 ( 00000004 )
               RSTACK = 00000000 ( 00000002 )
    -------------------------------------------------------------------------
CODE
  Relative segment, address: CODE 000000B2 - 000000FD (0x4c bytes), align: 1
  Segment part 26.            Intra module refs:   INTO_server::??INTVEC 8
           ENTRY                   ADDRESS         REF BY
           =====                   =======         ======
           INTO_server             000000B2 
               interrupt function
               CSTACK = 00000000 ( 00000006 )
               RSTACK = 00000000 ( 00000002 )
    -------------------------------------------------------------------------
CODE
  Relative segment, address: CODE 000000FE - 00000133 (0x36 bytes), align: 1
  Segment part 27.            Intra module refs:   TIMER0_OVF_server::??INTVEC 64
           ENTRY                   ADDRESS         REF BY
           =====                   =======         ======
           TIMER0_OVF_server       000000FE 
               interrupt function
               CSTACK = 00000000 ( 00000006 )
               RSTACK = 00000000 ( 00000002 )
    -------------------------------------------------------------------------
CODE
  Relative segment, address: CODE 00000134 - 00000175 (0x42 bytes), align: 1
  Segment part 28.            Intra module refs:   TIMER1_OVF_server::??INTVEC 56
           ENTRY                   ADDRESS         REF BY
           =====                   =======         ======
           TIMER1_OVF_server       00000134 
               interrupt function
               CSTACK = 00000000 ( 00000006 )
               RSTACK = 00000000 ( 00000002 )
    -------------------------------------------------------------------------
CODE
  Relative segment, address: CODE 00000176 - 000001A7 (0x32 bytes), align: 1
  Segment part 29.            Intra module refs:   USART1_RXC_server::??INTVEC 120
           ENTRY                   ADDRESS         REF BY
           =====                   =======         ======
           USART1_RXC_server       00000176 
               interrupt function
               CSTACK = 00000000 ( 00000005 )
               RSTACK = 00000000 ( 00000002 )
    -------------------------------------------------------------------------
CODE
  Relative segment, address: CODE 000001A8 - 000001C7 (0x20 bytes), align: 1
  Segment part 30.            Intra module refs:   USART0_RXC_server::??INTVEC 72
           ENTRY                   ADDRESS         REF BY
           =====                   =======         ======
           USART0_RXC_server       000001A8 
               interrupt function
               CSTACK = 00000000 ( 00000004 )
               RSTACK = 00000000 ( 00000002 )
    -------------------------------------------------------------------------
CODE
  Relative segment, address: CODE 000001C8 - 00000245 (0x7e bytes), align: 1
  Segment part 31.            Intra module refs:   ADC_server::??INTVEC 84
           ENTRY                   ADDRESS         REF BY
           =====                   =======         ======
           ADC_server              000001C8 
               interrupt function
               calls direct
               CSTACK = 00000000 ( 00000016 )
               RSTACK = 00000000 ( 00000002 )
    -------------------------------------------------------------------------
ABSOLUTE
  Relative segment, address: DATA 0000001C, align: 0
  Segment part 7. ROOT.
           ENTRY                   ADDRESS         REF BY
           =====                   =======         ======
           __?EECR                 0000001C 
    -------------------------------------------------------------------------
ABSOLUTE
  Relative segment, address: DATA 0000001D, align: 0
  Segment part 8. ROOT.
           ENTRY                   ADDRESS         REF BY
           =====                   =======         ======
           __?EEDR                 0000001D 
    -------------------------------------------------------------------------
ABSOLUTE
  Relative segment, address: DATA 0000001E, align: 0
  Segment part 9. ROOT.
           ENTRY                   ADDRESS         REF BY
           =====                   =======         ======
           __?EEARL                0000001E 
    -------------------------------------------------------------------------
ABSOLUTE
  Relative segment, address: DATA 0000001F, align: 0
  Segment part 10. ROOT.
           ENTRY                   ADDRESS         REF BY
           =====                   =======         ======
           __?EEARH                0000001F 
    -------------------------------------------------------------------------
INTVEC
  Common segment, address: CODE 00000000 - 00000007 (0x8 bytes), align: 1
  Segment part 11. ROOT.
           ENTRY                   ADDRESS         REF BY
           =====                   =======         ======
           INT0_server::??INTVEC 4
                                   00000004 
    -------------------------------------------------------------------------
INTVEC
  Common segment, address: CODE 00000000 - 0000000B (0xc bytes), align: 1
  Segment part 12. ROOT.
           ENTRY                   ADDRESS         REF BY
           =====                   =======         ======
           INTO_server::??INTVEC 8
                                   00000008 
    -------------------------------------------------------------------------
INTVEC
  Common segment, address: CODE 00000000 - 0000003B (0x3c bytes), align: 1
  Segment part 13. ROOT.
           ENTRY                   ADDRESS         REF BY
           =====                   =======         ======
           TIMER1_OVF_server::??INTVEC 56
                                   00000038 
    -------------------------------------------------------------------------
INTVEC
  Common segment, address: CODE 00000000 - 00000043 (0x44 bytes), align: 1
  Segment part 14. ROOT.
           ENTRY                   ADDRESS         REF BY
           =====                   =======         ======
           TIMER0_OVF_server::??INTVEC 64
                                   00000040 
    -------------------------------------------------------------------------
INTVEC
  Common segment, address: CODE 00000000 - 0000004B (0x4c bytes), align: 1
  Segment part 15. ROOT.
           ENTRY                   ADDRESS         REF BY
           =====                   =======         ======
           USART0_RXC_server::??INTVEC 72
                                   00000048 
    -------------------------------------------------------------------------
INTVEC
  Common segment, address: CODE 00000000 - 00000057 (0x58 bytes), align: 1
  Segment part 16. ROOT.
           ENTRY                   ADDRESS         REF BY
           =====                   =======         ======
           ADC_server::??INTVEC 84
                                   00000054 
    -------------------------------------------------------------------------
INTVEC
  Common segment, address: CODE 00000000 - 0000007B (0x7c bytes), align: 1
  Segment part 17. ROOT.
           ENTRY                   ADDRESS         REF BY
           =====                   =======         ======
           USART1_RXC_server::??INTVEC 120
                                   00000078 
    -------------------------------------------------------------------------
NEAR_ID
  Relative segment, address: CODE 00000E82 - 00000E8E (0xd bytes), align: 0
  Segment part 21.            Intra module refs:   Segment part 20
    -------------------------------------------------------------------------
INITTAB
  Relative segment, address: CODE 00000E74 - 00000E7A (0x7 bytes), align: 0
  Segment part 22.            Intra module refs:   Segment part 13 (ds1302)
                                                   Segment part 20
                                                   Segment part 3 (?xprintfsmall_nomb)
                                                   Segment part 8 (main)
                                                   __iar_Stdout (?xfiles)
           ENTRY                   ADDRESS         REF BY
           =====                   =======         ======
           ?<Segment init: NEAR_I>
                                   00000E74 
    -------------------------------------------------------------------------
INITTAB
  Relative segment, address: CODE 00000E7B - 00000E81 (0x7 bytes), align: 0
  Segment part 24.            Intra module refs:   Segment part 5 (?xfiles)
                                                   count
           ENTRY                   ADDRESS         REF BY
           =====                   =======         ======
           ?<Segment init: NEAR_Z>
                                   00000E7B 
    -------------------------------------------------------------------------
NEAR_I
  Relative segment, address: DATA 0000021F - 0000022B (0xd bytes), align: 0
  Segment part 20.            Intra module refs:   ADC_server

    *************************************************************************

  FILE NAME : C:\Users\Administrator\Desktop\ATmega128Project\Debug\Obj\adc.r90
  PROGRAM MODULE, NAME : adc

  SEGMENTS IN THE MODULE
  ======================
ABSOLUTE
  Relative segment, address: DATA 00000026 - 00000026 (0x1 bytes), align: 0
  Segment part 1. ROOT.
           ENTRY                   ADDRESS         REF BY
           =====                   =======         ======
           _A_ADCSR                00000026 
           LOCAL                   ADDRESS         
           =====                   =======         
           ADCSR                   00000026 
           ADCSRA                  00000026 
    -------------------------------------------------------------------------
ABSOLUTE
  Relative segment, address: DATA 00000027 - 00000027 (0x1 bytes), align: 0
  Segment part 2. ROOT.
           ENTRY                   ADDRESS         REF BY
           =====                   =======         ======
           _A_ADMUX                00000027 
           LOCAL                   ADDRESS         
           =====                   =======         
           ADMUX                   00000027 
    -------------------------------------------------------------------------
ABSOLUTE
  Relative segment, address: DATA 00000040 - 00000040 (0x1 bytes), align: 0
  Segment part 3. ROOT.
           ENTRY                   ADDRESS         REF BY
           =====                   =======         ======
           _A_SFIOR                00000040 
           LOCAL                   ADDRESS         
           =====                   =======         
           SFIOR                   00000040 

    *************************************************************************

  FILE NAME : C:\Users\Administrator\Desktop\ATmega128Project\Debug\Obj\beep.r90
  PROGRAM MODULE, NAME : beep

  SEGMENTS IN THE MODULE
  ======================
ABSOLUTE
  Relative segment, address: DATA 00000031 - 00000031 (0x1 bytes), align: 0
  Segment part 1. ROOT.       Intra module refs:   ledShowInit (ledshow)
           ENTRY                   ADDRESS         REF BY
           =====                   =======         ======
           _A_DDRD                 00000031 
           LOCAL                   ADDRESS         
           =====                   =======         
           DDRD                    00000031 
    -------------------------------------------------------------------------
ABSOLUTE
  Relative segment, address: DATA 00000032 - 00000032 (0x1 bytes), align: 0
  Segment part 2. ROOT.       Intra module refs:   ledShowInit (ledshow)
           ENTRY                   ADDRESS         REF BY
           =====                   =======         ======
           _A_PORTD                00000032 
           LOCAL                   ADDRESS         
           =====                   =======         
           PORTD                   00000032 

    *************************************************************************

  FILE NAME : C:\Users\Administrator\Desktop\ATmega128Project\Debug\Obj\dac_tlc5615.r90
  PROGRAM MODULE, NAME : dac_tlc5615

  SEGMENTS IN THE MODULE
  ======================
ABSOLUTE
  Relative segment, address: DATA 0000002D - 0000002D (0x1 bytes), align: 0
  Segment part 1. ROOT.
           ENTRY                   ADDRESS         REF BY
           =====                   =======         ======
           _A_SPCR                 0000002D 
           LOCAL                   ADDRESS         
           =====                   =======         
           SPCR                    0000002D 
    -------------------------------------------------------------------------
ABSOLUTE
  Relative segment, address: DATA 0000002E - 0000002E (0x1 bytes), align: 0
  Segment part 2. ROOT.
           ENTRY                   ADDRESS         REF BY
           =====                   =======         ======
           _A_SPSR                 0000002E 
           LOCAL                   ADDRESS         
           =====                   =======         
           SPSR                    0000002E 
    -------------------------------------------------------------------------
ABSOLUTE
  Relative segment, address: DATA 0000002F - 0000002F (0x1 bytes), align: 0
  Segment part 3. ROOT.
           ENTRY                   ADDRESS         REF BY
           =====                   =======         ======
           _A_SPDR                 0000002F 
           LOCAL                   ADDRESS         
           =====                   =======         
           SPDR                    0000002F 
    -------------------------------------------------------------------------
ABSOLUTE
  Relative segment, address: DATA 00000037 - 00000037 (0x1 bytes), align: 0
  Segment part 4. ROOT.       Intra module refs:   ledInit (led)
           ENTRY                   ADDRESS         REF BY
           =====                   =======         ======
           _A_DDRB                 00000037 
           LOCAL                   ADDRESS         
           =====                   =======         
           DDRB                    00000037 
    -------------------------------------------------------------------------
ABSOLUTE
  Relative segment, address: DATA 00000038 - 00000038 (0x1 bytes), align: 0
  Segment part 5. ROOT.       Intra module refs:   ledInit (led)
           ENTRY                   ADDRESS         REF BY
           =====                   =======         ======
           _A_PORTB                00000038 
           LOCAL                   ADDRESS         
           =====                   =======         
           PORTB                   00000038 

    *************************************************************************

  FILE NAME : C:\Users\Administrator\Desktop\ATmega128Project\Debug\Obj\delay.r90
    *************************************************************************

  FILE NAME : C:\Users\Administrator\Desktop\ATmega128Project\Debug\Obj\ds1302.r90
  PROGRAM MODULE, NAME : ds1302

  SEGMENTS IN THE MODULE
  ======================
ABSOLUTE
  Relative segment, address: DATA 00000021 - 00000021 (0x1 bytes), align: 0
  Segment part 1. ROOT.       Intra module refs:   ds1302_Read_Byte
           ENTRY                   ADDRESS         REF BY
           =====                   =======         ======
           _A_PINE                 00000021 
           LOCAL                   ADDRESS         
           =====                   =======         
           PINE                    00000021 
    -------------------------------------------------------------------------
ABSOLUTE
  Relative segment, address: DATA 00000022 - 00000022 (0x1 bytes), align: 0
  Segment part 2. ROOT.       Intra module refs:   ds1302_Init
                                                   ds1302_Read_Byte
                                                   ds1302_Write_Byte
           ENTRY                   ADDRESS         REF BY
           =====                   =======         ======
           _A_DDRE                 00000022 
           LOCAL                   ADDRESS         
           =====                   =======         
           DDRE                    00000022 
    -------------------------------------------------------------------------
ABSOLUTE
  Relative segment, address: DATA 00000023 - 00000023 (0x1 bytes), align: 0
  Segment part 3. ROOT.       Intra module refs:   ds1302_Init
                                                   ds1302_Read_Byte
                                                   ds1302_Write_Byte
           ENTRY                   ADDRESS         REF BY
           =====                   =======         ======
           _A_PORTE                00000023 
           LOCAL                   ADDRESS         
           =====                   =======         
           PORTE                   00000023 
    -------------------------------------------------------------------------
CODE
  Relative segment, address: CODE 00000246 - 0000027B (0x36 bytes), align: 1
  Segment part 16.
           ENTRY                   ADDRESS         REF BY
           =====                   =======         ======
           ds1302_Init             00000246        systemInit (main)
               calls direct
               CSTACK = 00000000 ( 00000009 )
               RSTACK = 00000000 ( 00000004 )
    -------------------------------------------------------------------------
CODE
  Relative segment, address: CODE 0000027C - 000002BD (0x42 bytes), align: 1
  Segment part 17.            Intra module refs:   ds1302_Write_Check
                                                   ds1302_Write_Time
           ENTRY                   ADDRESS         REF BY
           =====                   =======         ======
           ds1302_Write_Byte       0000027C 
               RSTACK = 00000000 ( 00000002 )
    -------------------------------------------------------------------------
CODE
  Relative segment, address: CODE 000002BE - 0000030B (0x4e bytes), align: 1
  Segment part 18.            Intra module refs:   ds1302_Init
                                                   ds1302_Read_Time
           ENTRY                   ADDRESS         REF BY
           =====                   =======         ======
           ds1302_Read_Byte        000002BE 
               RSTACK = 00000000 ( 00000002 )
    -------------------------------------------------------------------------
CODE
  Relative segment, address: CODE 0000030C - 00000379 (0x6e bytes), align: 1
  Segment part 19.            Intra module refs:   ds1302_Init
           ENTRY                   ADDRESS         REF BY
           =====                   =======         ======
           ds1302_Write_Time       0000030C 
               calls direct
               CSTACK = 00000000 ( 00000002 )
               RSTACK = 00000000 ( 00000002 )
    -------------------------------------------------------------------------
CODE
  Relative segment, address: CODE 0000037A - 00000413 (0x9a bytes), align: 1
  Segment part 20.            Intra module refs:   DS1302_Test
           ENTRY                   ADDRESS         REF BY
           =====                   =======         ======
           ds1302_Read_Time        0000037A 
               calls direct
               CSTACK = 00000000 ( 00000006 )
               RSTACK = 00000000 ( 00000004 )
    -------------------------------------------------------------------------
CODE
  Relative segment, address: CODE 00000414 - 0000042D (0x1a bytes), align: 1
  Segment part 21.            Intra module refs:   ds1302_Init
           ENTRY                   ADDRESS         REF BY
           =====                   =======         ======
           ds1302_Write_Check      00000414 
               calls direct
               CSTACK = 00000000 ( 00000001 )
               RSTACK = 00000000 ( 00000002 )
    -------------------------------------------------------------------------
CODE
  Relative segment, address: CODE 0000042E - 0000049F (0x72 bytes), align: 1
  Segment part 22.
           ENTRY                   ADDRESS         REF BY
           =====                   =======         ======
           DS1302_Test             0000042E        main (main)
               calls direct
               CSTACK = 00000000 ( 00000014 )
               RSTACK = 00000000 ( 00000004 )
    -------------------------------------------------------------------------
NEAR_ID
  Relative segment, address: CODE 00000E8F - 00000EAF (0x21 bytes), align: 0
  Segment part 14.            Intra module refs:   Segment part 13
    -------------------------------------------------------------------------
NEAR_I
  Relative segment, address: DATA 0000022C - 0000024C (0x21 bytes), align: 0
  Segment part 13.            Intra module refs:   DS1302_Test
    -------------------------------------------------------------------------
<FAR_F> 1 (was FAR_F)
  Relative segment, address: CODE 00000E62 - 00000E69 (0x8 bytes), align: 0
  Segment part 10.            Intra module refs:   ds1302_Init
    -------------------------------------------------------------------------
<FAR_F> 1 (was FAR_F)
  Relative segment, address: CODE 00000E6A - 00000E6B (0x2 bytes), align: 0
  Segment part 11.            Intra module refs:   ds1302_Read_Time
    -------------------------------------------------------------------------
<FAR_F> 1 (was FAR_F)
  Relative segment, address: CODE 00000E6C - 00000E73 (0x8 bytes), align: 0
  Segment part 12.            Intra module refs:   DS1302_Test

    *************************************************************************

  FILE NAME : C:\Users\Administrator\Desktop\ATmega128Project\Debug\Obj\ds18b20.r90
  PROGRAM MODULE, NAME : ds18b20

  SEGMENTS IN THE MODULE
  ======================

    *************************************************************************

  FILE NAME : C:\Users\Administrator\Desktop\ATmega128Project\Debug\Obj\e2prom.r90
  PROGRAM MODULE, NAME : e2prom

  SEGMENTS IN THE MODULE
  ======================
ABSOLUTE
  Relative segment, address: DATA 0000003C - 0000003C (0x1 bytes), align: 0
  Segment part 1. ROOT.
           ENTRY                   ADDRESS         REF BY
           =====                   =======         ======
           _A_EECR                 0000003C 
           LOCAL                   ADDRESS         
           =====                   =======         
           EECR                    0000003C 
    -------------------------------------------------------------------------
ABSOLUTE
  Relative segment, address: DATA 0000003D - 0000003D (0x1 bytes), align: 0
  Segment part 2. ROOT.
           ENTRY                   ADDRESS         REF BY
           =====                   =======         ======
           _A_EEDR                 0000003D 
           LOCAL                   ADDRESS         
           =====                   =======         
           EEDR                    0000003D 
    -------------------------------------------------------------------------
ABSOLUTE
  Relative segment, address: DATA 0000003E - 0000003F (0x2 bytes), align: 0
  Segment part 3. ROOT.
           ENTRY                   ADDRESS         REF BY
           =====                   =======         ======
           _A_EEAR                 0000003E 
           LOCAL                   ADDRESS         
           =====                   =======         
           EEAR                    0000003E 
           EEARH                   0000003F 
           EEARL                   0000003E 
    -------------------------------------------------------------------------
ABSOLUTE
  Relative segment, address: DATA 0000005F - 0000005F (0x1 bytes), align: 0
  Segment part 4. ROOT.       Intra module refs:   main (main)
           ENTRY                   ADDRESS         REF BY
           =====                   =======         ======
           _A_SREG                 0000005F 
           LOCAL                   ADDRESS         
           =====                   =======         
           SREG                    0000005F 

    *************************************************************************

  FILE NAME : C:\Users\Administrator\Desktop\ATmega128Project\Debug\Obj\key.r90
  PROGRAM MODULE, NAME : key

  SEGMENTS IN THE MODULE
  ======================
ABSOLUTE
  Relative segment, address: DATA 00000033 - 00000033 (0x1 bytes), align: 0
  Segment part 3. ROOT.
           ENTRY                   ADDRESS         REF BY
           =====                   =======         ======
           _A_PINC                 00000033 
           LOCAL                   ADDRESS         
           =====                   =======         
           PINC                    00000033 
    -------------------------------------------------------------------------
ABSOLUTE
  Relative segment, address: DATA 00000034 - 00000034 (0x1 bytes), align: 0
  Segment part 4. ROOT.
           ENTRY                   ADDRESS         REF BY
           =====                   =======         ======
           _A_DDRC                 00000034 
           LOCAL                   ADDRESS         
           =====                   =======         
           DDRC                    00000034 
    -------------------------------------------------------------------------
ABSOLUTE
  Relative segment, address: DATA 00000035 - 00000035 (0x1 bytes), align: 0
  Segment part 5. ROOT.
           ENTRY                   ADDRESS         REF BY
           =====                   =======         ======
           _A_PORTC                00000035 
           LOCAL                   ADDRESS         
           =====                   =======         
           PORTC                   00000035 
    -------------------------------------------------------------------------
ABSOLUTE
  Relative segment, address: DATA 00000059 - 00000059 (0x1 bytes), align: 0
  Segment part 6. ROOT.
           ENTRY                   ADDRESS         REF BY
           =====                   =======         ======
           _A_EIMSK                00000059 
           LOCAL                   ADDRESS         
           =====                   =======         
           EIMSK                   00000059 
    -------------------------------------------------------------------------
ABSOLUTE
  Relative segment, address: DATA 0000006A - 0000006A (0x1 bytes), align: 0
  Segment part 7. ROOT.
           ENTRY                   ADDRESS         REF BY
           =====                   =======         ======
           _A_EICRA                0000006A 
           LOCAL                   ADDRESS         
           =====                   =======         
           EICRA                   0000006A 

    *************************************************************************

  FILE NAME : C:\Users\Administrator\Desktop\ATmega128Project\Debug\Obj\lcd1602.r90
  PROGRAM MODULE, NAME : lcd1602

  SEGMENTS IN THE MODULE
  ======================
ABSOLUTE
  Relative segment, address: DATA 0000003A - 0000003A (0x1 bytes), align: 0
  Segment part 3. ROOT.       Intra module refs:   ledShowInit (ledshow)
           ENTRY                   ADDRESS         REF BY
           =====                   =======         ======
           _A_DDRA                 0000003A 
           LOCAL                   ADDRESS         
           =====                   =======         
           DDRA                    0000003A 
    -------------------------------------------------------------------------
ABSOLUTE
  Relative segment, address: DATA 0000003B - 0000003B (0x1 bytes), align: 0
  Segment part 4. ROOT.       Intra module refs:   ledShowInit (ledshow)
           ENTRY                   ADDRESS         REF BY
           =====                   =======         ======
           _A_PORTA                0000003B 
           LOCAL                   ADDRESS         
           =====                   =======         
           PORTA                   0000003B 
    -------------------------------------------------------------------------
ABSOLUTE
  Relative segment, address: DATA 00000061 - 00000061 (0x1 bytes), align: 0
  Segment part 5. ROOT.
           ENTRY                   ADDRESS         REF BY
           =====                   =======         ======
           _A_DDRF                 00000061 
           LOCAL                   ADDRESS         
           =====                   =======         
           DDRF                    00000061 
    -------------------------------------------------------------------------
ABSOLUTE
  Relative segment, address: DATA 00000062 - 00000062 (0x1 bytes), align: 0
  Segment part 6. ROOT.
           ENTRY                   ADDRESS         REF BY
           =====                   =======         ======
           _A_PORTF                00000062 
           LOCAL                   ADDRESS         
           =====                   =======         
           PORTF                   00000062 

    *************************************************************************

  FILE NAME : C:\Users\Administrator\Desktop\ATmega128Project\Debug\Obj\led.r90
  PROGRAM MODULE, NAME : led

  SEGMENTS IN THE MODULE
  ======================
CODE
  Relative segment, address: CODE 000004A0 - 000004A9 (0xa bytes), align: 1
  Segment part 9.
           ENTRY                   ADDRESS         REF BY
           =====                   =======         ======
           ledInit                 000004A0        systemInit (main)
               RSTACK = 00000000 ( 00000002 )

    *************************************************************************

  FILE NAME : C:\Users\Administrator\Desktop\ATmega128Project\Debug\Obj\ledshow.r90
  PROGRAM MODULE, NAME : ledshow

  SEGMENTS IN THE MODULE
  ======================
CODE
  Relative segment, address: CODE 000004AA - 000004BD (0x14 bytes), align: 1
  Segment part 17.
           ENTRY                   ADDRESS         REF BY
           =====                   =======         ======
           ledShowInit             000004AA        systemInit (main)
               RSTACK = 00000000 ( 00000002 )

    *************************************************************************

  FILE NAME : C:\Users\Administrator\Desktop\ATmega128Project\Debug\Obj\main.r90
  PROGRAM MODULE, NAME : main

  SEGMENTS IN THE MODULE
  ======================
NEAR_I
  Relative segment, address: DATA 0000024D - 00000272 (0x26 bytes), align: 0
  Segment part 8.             Intra module refs:   main
    -------------------------------------------------------------------------
CODE
  Relative segment, address: CODE 000004BE - 000004DF (0x22 bytes), align: 1
  Segment part 15.            Intra module refs:   main
           ENTRY                   ADDRESS         REF BY
           =====                   =======         ======
           systemInit              000004BE 
               calls direct
               RSTACK = 00000000 ( 00000002 )
    -------------------------------------------------------------------------
CODE
  Relative segment, address: CODE 000004E0 - 000004F1 (0x12 bytes), align: 1
  Segment part 16.
           ENTRY                   ADDRESS         REF BY
           =====                   =======         ======
           main                    000004E0        ?cstartup_call_main (?C_STARTUP)
               calls direct
               RSTACK = 00000000 ( 00000002 )
    -------------------------------------------------------------------------
NEAR_ID
  Relative segment, address: CODE 00000EB0 - 00000ED5 (0x26 bytes), align: 0
  Segment part 9.             Intra module refs:   Segment part 8

    *************************************************************************

  FILE NAME : C:\Users\Administrator\Desktop\ATmega128Project\Debug\Obj\my_math.r90
    *************************************************************************

  FILE NAME : C:\Users\Administrator\Desktop\ATmega128Project\Debug\Obj\queue.r90
    *************************************************************************

  FILE NAME : C:\Users\Administrator\Desktop\ATmega128Project\Debug\Obj\redctrl.r90
  PROGRAM MODULE, NAME : redctrl

  SEGMENTS IN THE MODULE
  ======================

    *************************************************************************

  FILE NAME : C:\Users\Administrator\Desktop\ATmega128Project\Debug\Obj\removectrl.r90
  PROGRAM MODULE, NAME : removectrl

  SEGMENTS IN THE MODULE
  ======================

    *************************************************************************

  FILE NAME : C:\Users\Administrator\Desktop\ATmega128Project\Debug\Obj\song.r90
  PROGRAM MODULE, NAME : song

  SEGMENTS IN THE MODULE
  ======================
ABSOLUTE
  Relative segment, address: DATA 0000004E - 0000004E (0x1 bytes), align: 0
  Segment part 2. ROOT.
           ENTRY                   ADDRESS         REF BY
           =====                   =======         ======
           _A_TCCR1B               0000004E 
           LOCAL                   ADDRESS         
           =====                   =======         
           TCCR1B                  0000004E 

    *************************************************************************

  FILE NAME : C:\Users\Administrator\Desktop\ATmega128Project\Debug\Obj\spi.r90
  PROGRAM MODULE, NAME : spi

  SEGMENTS IN THE MODULE
  ======================

    *************************************************************************

  FILE NAME : C:\Users\Administrator\Desktop\ATmega128Project\Debug\Obj\step_motor.r90
  PROGRAM MODULE, NAME : step_motor

  SEGMENTS IN THE MODULE
  ======================

    *************************************************************************

  FILE NAME : C:\Users\Administrator\Desktop\ATmega128Project\Debug\Obj\timer.r90
  PROGRAM MODULE, NAME : timer

  SEGMENTS IN THE MODULE
  ======================
ABSOLUTE
  Relative segment, address: DATA 0000004F - 0000004F (0x1 bytes), align: 0
  Segment part 3. ROOT.
           ENTRY                   ADDRESS         REF BY
           =====                   =======         ======
           _A_TCCR1A               0000004F 
           LOCAL                   ADDRESS         
           =====                   =======         
           TCCR1A                  0000004F 
    -------------------------------------------------------------------------
ABSOLUTE
  Relative segment, address: DATA 00000051 - 00000051 (0x1 bytes), align: 0
  Segment part 4. ROOT.       Intra module refs:   timer0Init
           ENTRY                   ADDRESS         REF BY
           =====                   =======         ======
           _A_OCR0                 00000051 
           LOCAL                   ADDRESS         
           =====                   =======         
           OCR0                    00000051 
    -------------------------------------------------------------------------
ABSOLUTE
  Relative segment, address: DATA 00000053 - 00000053 (0x1 bytes), align: 0
  Segment part 6. ROOT.       Intra module refs:   timer0Init
           ENTRY                   ADDRESS         REF BY
           =====                   =======         ======
           _A_TCCR0                00000053 
           LOCAL                   ADDRESS         
           =====                   =======         
           TCCR0                   00000053 
    -------------------------------------------------------------------------
ABSOLUTE
  Relative segment, address: DATA 00000056 - 00000056 (0x1 bytes), align: 0
  Segment part 7. ROOT.       Intra module refs:   timer0Init
           ENTRY                   ADDRESS         REF BY
           =====                   =======         ======
           _A_TIFR                 00000056 
           LOCAL                   ADDRESS         
           =====                   =======         
           TIFR                    00000056 
    -------------------------------------------------------------------------
ABSOLUTE
  Relative segment, address: DATA 00000057 - 00000057 (0x1 bytes), align: 0
  Segment part 8. ROOT.       Intra module refs:   timer0Init
           ENTRY                   ADDRESS         REF BY
           =====                   =======         ======
           _A_TIMSK                00000057 
           LOCAL                   ADDRESS         
           =====                   =======         
           TIMSK                   00000057 
    -------------------------------------------------------------------------
ABSOLUTE
  Relative segment, address: DATA 0000007A - 0000007A (0x1 bytes), align: 0
  Segment part 9. ROOT.
           ENTRY                   ADDRESS         REF BY
           =====                   =======         ======
           _A_TCCR1C               0000007A 
           LOCAL                   ADDRESS         
           =====                   =======         
           TCCR1C                  0000007A 
    -------------------------------------------------------------------------
CODE
  Relative segment, address: CODE 000004F2 - 0000051F (0x2e bytes), align: 1
  Segment part 21.
           ENTRY                   ADDRESS         REF BY
           =====                   =======         ======
           timer0Init              000004F2        systemInit (main)
               RSTACK = 00000000 ( 00000002 )

    *************************************************************************

  FILE NAME : C:\Users\Administrator\Desktop\ATmega128Project\Debug\Obj\uart.r90
  PROGRAM MODULE, NAME : uart

  SEGMENTS IN THE MODULE
  ======================
ABSOLUTE
  Relative segment, address: DATA 00000029 - 00000029 (0x1 bytes), align: 0
  Segment part 1. ROOT.       Intra module refs:   USART_Init
           ENTRY                   ADDRESS         REF BY
           =====                   =======         ======
           _A_UBRR0L               00000029 
           LOCAL                   ADDRESS         
           =====                   =======         
           UBRR0L                  00000029 
    -------------------------------------------------------------------------
ABSOLUTE
  Relative segment, address: DATA 0000002A - 0000002A (0x1 bytes), align: 0
  Segment part 2. ROOT.       Intra module refs:   USART_Init
           ENTRY                   ADDRESS         REF BY
           =====                   =======         ======
           _A_UCSR0B               0000002A 
           LOCAL                   ADDRESS         
           =====                   =======         
           UCSR0B                  0000002A 
    -------------------------------------------------------------------------
ABSOLUTE
  Relative segment, address: DATA 0000002B - 0000002B (0x1 bytes), align: 0
  Segment part 3. ROOT.       Intra module refs:   SendByte
                                                   USART_Init
           ENTRY                   ADDRESS         REF BY
           =====                   =======         ======
           _A_UCSR0A               0000002B 
           LOCAL                   ADDRESS         
           =====                   =======         
           UCSR0A                  0000002B 
    -------------------------------------------------------------------------
ABSOLUTE
  Relative segment, address: DATA 00000090 - 00000090 (0x1 bytes), align: 0
  Segment part 5. ROOT.       Intra module refs:   USART_Init
           ENTRY                   ADDRESS         REF BY
           =====                   =======         ======
           _A_UBRR0H               00000090 
           LOCAL                   ADDRESS         
           =====                   =======         
           UBRR0H                  00000090 
    -------------------------------------------------------------------------
ABSOLUTE
  Relative segment, address: DATA 00000095 - 00000095 (0x1 bytes), align: 0
  Segment part 6. ROOT.       Intra module refs:   USART_Init
           ENTRY                   ADDRESS         REF BY
           =====                   =======         ======
           _A_UCSR0C               00000095 
           LOCAL                   ADDRESS         
           =====                   =======         
           UCSR0C                  00000095 
    -------------------------------------------------------------------------
CODE
  Relative segment, address: CODE 00000520 - 0000058B (0x6c bytes), align: 1
  Segment part 13.
           ENTRY                   ADDRESS         REF BY
           =====                   =======         ======
           USART_Init              00000520        systemInit (main)
               CSTACK = 00000000 ( 00000004 )
               RSTACK = 00000000 ( 00000004 )
    -------------------------------------------------------------------------
CODE
  Relative segment, address: CODE 0000058C - 00000593 (0x8 bytes), align: 1
  Segment part 14.            Intra module refs:   fputc
           ENTRY                   ADDRESS         REF BY
           =====                   =======         ======
           SendByte                0000058C 
               RSTACK = 00000000 ( 00000002 )
    -------------------------------------------------------------------------
CODE
  Relative segment, address: CODE 00000594 - 000005A7 (0x14 bytes), align: 1
  Segment part 18.
           ENTRY                   ADDRESS         REF BY
           =====                   =======         ======
           fputc                   00000594        putchar (?putchar)
               calls direct
               CSTACK = 00000000 ( 00000004 )
               RSTACK = 00000000 ( 00000002 )

    *************************************************************************

  FILE NAME : D:\Program Files (x86)\IAR Systems\Embedded Workbench 6.5\avr\LIB\DLIB\dlAVR-3s-ec_mul-f.r90
  LIBRARY MODULE, NAME : ?__dbg_break

  SEGMENTS IN THE MODULE
  ======================
CODE
  Relative segment, address: CODE 000005A8 - 000005A9 (0x2 bytes), align: 1
  Segment part 3.
           ENTRY                   ADDRESS         REF BY
           =====                   =======         ======
           __DebugBreak            000005A8        __exit (?__exit)

    -------------------------------------------------------------------------
  LIBRARY MODULE, NAME : ?__exit

  SEGMENTS IN THE MODULE
  ======================
CODE
  Relative segment, address: CODE 000005AA - 000005BF (0x16 bytes), align: 1
  Segment part 3.
           ENTRY                   ADDRESS         REF BY
           =====                   =======         ======
           __exit                  000005AA        Segment part 5 (?_exit)
               calls direct

    -------------------------------------------------------------------------
  LIBRARY MODULE, NAME : ?_exit

  SEGMENTS IN THE MODULE
  ======================
CODE
  Relative segment, address: CODE 000005C0, align: 1
  Segment part 0.
           ENTRY                   ADDRESS         REF BY
           =====                   =======         ======
           _exit                   000005C0        ?cstartup_call_main (?C_STARTUP)
                                                   exit (?exit)
    -------------------------------------------------------------------------
CODE
  Relative segment, address: CODE 000005C0 - 000005C3 (0x4 bytes), align: 1
  Segment part 5.             Intra module refs:   _exit

    -------------------------------------------------------------------------
  LIBRARY MODULE, NAME : ?RESET

  SEGMENTS IN THE MODULE
  ======================
INTVEC
  Common segment, address: CODE 00000000 - 00000003 (0x4 bytes), align: 1
  Segment part 0. ROOT.
           ENTRY                   ADDRESS         REF BY
           =====                   =======         ======
           __program_start         00000000        Absolute parts (?ABS_ENTRY_MOD)
           ?RESET                  00000000        Segment part 2 (?C_STARTUP)

    -------------------------------------------------------------------------
  LIBRARY MODULE, NAME : ?C_STARTUP

  SEGMENTS IN THE MODULE
  ======================
CODE
  Relative segment, address: CODE 000005C4, align: 1
  Segment part 2.
           ENTRY                   ADDRESS         REF BY
           =====                   =======         ======
           ?C_STARTUP              000005C4        Segment part 0 (?RESET)
           __RESTART               000005C4 
    -------------------------------------------------------------------------
CODE
  Relative segment, address: CODE 000005C4 - 000005CF (0xc bytes), align: 1
  Segment part 5.             Intra module refs:   Segment part 2
    -------------------------------------------------------------------------
CODE
  Relative segment, address: CODE 000005D0 - 000005D3 (0x4 bytes), align: 1
  Segment part 7.             Intra module refs:   Segment part 5
           ENTRY                   ADDRESS         REF BY
           =====                   =======         ======
           ?call_low_level_init    000005D0 
    -------------------------------------------------------------------------
CODE
  Relative segment, address: CODE 000005D4 - 000005DB (0x8 bytes), align: 1
  Segment part 8.
           ENTRY                   ADDRESS         REF BY
           =====                   =======         ======
           ?need_segment_init      000005D4        ?<Segment init: NEAR_I> (ISR)
                                                   ?<Segment init: NEAR_Z> (ISR)
    -------------------------------------------------------------------------
CODE
  Relative segment, address: CODE 000005DC - 000005E7 (0xc bytes), align: 1
  Segment part 11.            Intra module refs:   ?call_low_level_init
           ENTRY                   ADDRESS         REF BY
           =====                   =======         ======
           ?cstartup_call_main     000005DC 

    -------------------------------------------------------------------------
  LIBRARY MODULE, NAME : ?exit

  SEGMENTS IN THE MODULE
  ======================
CODE
  Relative segment, address: CODE 000005E8 - 000005EB (0x4 bytes), align: 1
  Segment part 3.
           ENTRY                   ADDRESS         REF BY
           =====                   =======         ======
           exit                    000005E8        ?cstartup_call_main (?C_STARTUP)
               calls direct
               RSTACK = 00000000 ( 00000002 )

    -------------------------------------------------------------------------
  LIBRARY MODULE, NAME : ?UC_DIVMOD_L01

  SEGMENTS IN THE MODULE
  ======================
CODE
  Relative segment, address: CODE 000005EC - 00000607 (0x1c bytes), align: 1
  Segment part 0.
           ENTRY                   ADDRESS         REF BY
           =====                   =======         ======
           ?UC_DIVMOD_L01          000005EC        ds1302_Read_Time (ds1302)

    -------------------------------------------------------------------------
  LIBRARY MODULE, NAME : ?S_EC_MUL_L02

  SEGMENTS IN THE MODULE
  ======================
CODE
  Relative segment, address: CODE 00000608 - 00000617 (0x10 bytes), align: 1
  Segment part 0.
           ENTRY                   ADDRESS         REF BY
           =====                   =======         ======
           ?S_EC_MUL_L02           00000608        Segment part 13 (?xprintfsmall_nomb)

    -------------------------------------------------------------------------
  LIBRARY MODULE, NAME : ?L_EC_MUL_L03

  SEGMENTS IN THE MODULE
  ======================
CODE
  Relative segment, address: CODE 00000618 - 00000657 (0x40 bytes), align: 1
  Segment part 0.
           ENTRY                   ADDRESS         REF BY
           =====                   =======         ======
           ?L_EC_MUL_L03           00000618        USART_Init (uart)

    -------------------------------------------------------------------------
  LIBRARY MODULE, NAME : ?UL_DIVMOD_L03

  SEGMENTS IN THE MODULE
  ======================
CODE
  Relative segment, address: CODE 00000658 - 0000069D (0x46 bytes), align: 1
  Segment part 0.
           ENTRY                   ADDRESS         REF BY
           =====                   =======         ======
           ?UL_DIVMOD_L03          00000658        Segment part 40 (?xprintfsmall_nomb)
                                                   USART_Init (uart)

    -------------------------------------------------------------------------
  LIBRARY MODULE, NAME : ?MOVE_LONG_L07

  SEGMENTS IN THE MODULE
  ======================
CODE
  Relative segment, address: CODE 0000069E - 000006B5 (0x18 bytes), align: 1
  Segment part 2.
           ENTRY                   ADDRESS         REF BY
           =====                   =======         ======
           ?ML_FLASH_SRAM_24EC_16_L07
                                   0000069E        DS1302_Test (ds1302)
                                                   ds1302_Init (ds1302)

    -------------------------------------------------------------------------
  LIBRARY MODULE, NAME : ?PROLOGUE_L09

  SEGMENTS IN THE MODULE
  ======================
CODE
  Relative segment, address: CODE 000006B6 - 000006B7 (0x2 bytes), align: 1
  Segment part 1.
           ENTRY                   ADDRESS         REF BY
           =====                   =======         ======
           ?PROLOGUE15_L09         000006B6        _LitobSmallNoMb (?xprintfsmall_nomb)
    -------------------------------------------------------------------------
CODE
  Relative segment, address: CODE 000006B8 - 000006B9 (0x2 bytes), align: 1
  Segment part 2.             Intra module refs:   ?PROLOGUE15_L09
           ENTRY                   ADDRESS         REF BY
           =====                   =======         ======
           ?PROLOGUE14_L09         000006B8 
    -------------------------------------------------------------------------
CODE
  Relative segment, address: CODE 000006BA - 000006BB (0x2 bytes), align: 1
  Segment part 3.             Intra module refs:   ?PROLOGUE14_L09
           ENTRY                   ADDRESS         REF BY
           =====                   =======         ======
           ?PROLOGUE13_L09         000006BA 
    -------------------------------------------------------------------------
CODE
  Relative segment, address: CODE 000006BC - 000006BD (0x2 bytes), align: 1
  Segment part 4.             Intra module refs:   ?PROLOGUE13_L09
           ENTRY                   ADDRESS         REF BY
           =====                   =======         ======
           ?PROLOGUE12_L09         000006BC 
    -------------------------------------------------------------------------
CODE
  Relative segment, address: CODE 000006BE - 000006BF (0x2 bytes), align: 1
  Segment part 5.             Intra module refs:   ?PROLOGUE12_L09
           ENTRY                   ADDRESS         REF BY
           =====                   =======         ======
           ?PROLOGUE11_L09         000006BE 
    -------------------------------------------------------------------------
CODE
  Relative segment, address: CODE 000006C0 - 000006C1 (0x2 bytes), align: 1
  Segment part 6.             Intra module refs:   ?PROLOGUE11_L09
           ENTRY                   ADDRESS         REF BY
           =====                   =======         ======
           ?PROLOGUE10_L09         000006C0 
    -------------------------------------------------------------------------
CODE
  Relative segment, address: CODE 000006C2 - 000006C3 (0x2 bytes), align: 1
  Segment part 7.             Intra module refs:   ?PROLOGUE10_L09
           ENTRY                   ADDRESS         REF BY
           =====                   =======         ======
           ?PROLOGUE9_L09          000006C2 
    -------------------------------------------------------------------------
CODE
  Relative segment, address: CODE 000006C4 - 000006C5 (0x2 bytes), align: 1
  Segment part 8.             Intra module refs:   ?PROLOGUE9_L09
           ENTRY                   ADDRESS         REF BY
           =====                   =======         ======
           ?PROLOGUE8_L09          000006C4        Segment part 38 (?xprintfsmall_nomb)
    -------------------------------------------------------------------------
CODE
  Relative segment, address: CODE 000006C6 - 000006C7 (0x2 bytes), align: 1
  Segment part 9.             Intra module refs:   ?PROLOGUE8_L09
           ENTRY                   ADDRESS         REF BY
           =====                   =======         ======
           ?PROLOGUE7_L09          000006C6 
    -------------------------------------------------------------------------
CODE
  Relative segment, address: CODE 000006C8 - 000006C9 (0x2 bytes), align: 1
  Segment part 10.            Intra module refs:   ?PROLOGUE7_L09
           ENTRY                   ADDRESS         REF BY
           =====                   =======         ======
           ?PROLOGUE6_L09          000006C8        ds1302_Read_Time (ds1302)
    -------------------------------------------------------------------------
CODE
  Relative segment, address: CODE 000006CA - 000006CB (0x2 bytes), align: 1
  Segment part 11.            Intra module refs:   ?PROLOGUE6_L09
           ENTRY                   ADDRESS         REF BY
           =====                   =======         ======
           ?PROLOGUE5_L09          000006CA 
    -------------------------------------------------------------------------
CODE
  Relative segment, address: CODE 000006CC - 000006CD (0x2 bytes), align: 1
  Segment part 12.            Intra module refs:   ?PROLOGUE5_L09
           ENTRY                   ADDRESS         REF BY
           =====                   =======         ======
           ?PROLOGUE4_L09          000006CC        USART_Init (uart)
                                                   _Prout (?xprout)
                                                   fputc (uart)
    -------------------------------------------------------------------------
CODE
  Relative segment, address: CODE 000006CE - 000006CF (0x2 bytes), align: 1
  Segment part 13.            Intra module refs:   ?PROLOGUE4_L09
           ENTRY                   ADDRESS         REF BY
           =====                   =======         ======
           ?PROLOGUE3_L09          000006CE 
    -------------------------------------------------------------------------
CODE
  Relative segment, address: CODE 000006D0 - 000006D1 (0x2 bytes), align: 1
  Segment part 14.            Intra module refs:   ?PROLOGUE3_L09
           ENTRY                   ADDRESS         REF BY
           =====                   =======         ======
           ?PROLOGUE2_L09          000006D0 
    -------------------------------------------------------------------------
CODE
  Relative segment, address: CODE 000006D2 - 000006D3 (0x2 bytes), align: 1
  Segment part 15.            Intra module refs:   ?PROLOGUE2_L09
           ENTRY                   ADDRESS         REF BY
           =====                   =======         ======
           ?PROLOGUE1_L09          000006D2 
    -------------------------------------------------------------------------
CODE
  Relative segment, address: CODE 000006D4 - 000006D5 (0x2 bytes), align: 1
  Segment part 16.            Intra module refs:   ?PROLOGUE1_L09

    -------------------------------------------------------------------------
  LIBRARY MODULE, NAME : ?EPILOGUE_B_L09

  SEGMENTS IN THE MODULE
  ======================
CODE
  Relative segment, address: CODE 000006D6 - 000006D7 (0x2 bytes), align: 1
  Segment part 1.
           ENTRY                   ADDRESS         REF BY
           =====                   =======         ======
           ?EPILOGUE_B15_L09       000006D6        _LitobSmallNoMb (?xprintfsmall_nomb)
    -------------------------------------------------------------------------
CODE
  Relative segment, address: CODE 000006D8 - 000006D9 (0x2 bytes), align: 1
  Segment part 2.             Intra module refs:   ?EPILOGUE_B15_L09
           ENTRY                   ADDRESS         REF BY
           =====                   =======         ======
           ?EPILOGUE_B14_L09       000006D8 
    -------------------------------------------------------------------------
CODE
  Relative segment, address: CODE 000006DA - 000006DB (0x2 bytes), align: 1
  Segment part 3.             Intra module refs:   ?EPILOGUE_B14_L09
           ENTRY                   ADDRESS         REF BY
           =====                   =======         ======
           ?EPILOGUE_B13_L09       000006DA 
    -------------------------------------------------------------------------
CODE
  Relative segment, address: CODE 000006DC - 000006DD (0x2 bytes), align: 1
  Segment part 4.             Intra module refs:   ?EPILOGUE_B13_L09
           ENTRY                   ADDRESS         REF BY
           =====                   =======         ======
           ?EPILOGUE_B12_L09       000006DC 
    -------------------------------------------------------------------------
CODE
  Relative segment, address: CODE 000006DE - 000006DF (0x2 bytes), align: 1
  Segment part 5.             Intra module refs:   ?EPILOGUE_B12_L09
           ENTRY                   ADDRESS         REF BY
           =====                   =======         ======
           ?EPILOGUE_B11_L09       000006DE 
    -------------------------------------------------------------------------
CODE
  Relative segment, address: CODE 000006E0 - 000006E1 (0x2 bytes), align: 1
  Segment part 6.             Intra module refs:   ?EPILOGUE_B11_L09
           ENTRY                   ADDRESS         REF BY
           =====                   =======         ======
           ?EPILOGUE_B10_L09       000006E0 
    -------------------------------------------------------------------------
CODE
  Relative segment, address: CODE 000006E2 - 000006E3 (0x2 bytes), align: 1
  Segment part 7.             Intra module refs:   ?EPILOGUE_B10_L09
           ENTRY                   ADDRESS         REF BY
           =====                   =======         ======
           ?EPILOGUE_B9_L09        000006E2 
    -------------------------------------------------------------------------
CODE
  Relative segment, address: CODE 000006E4 - 000006E5 (0x2 bytes), align: 1
  Segment part 8.             Intra module refs:   ?EPILOGUE_B9_L09
           ENTRY                   ADDRESS         REF BY
           =====                   =======         ======
           ?EPILOGUE_B8_L09        000006E4        Segment part 7 (?xprintfsmall_nomb)
    -------------------------------------------------------------------------
CODE
  Relative segment, address: CODE 000006E6 - 000006E7 (0x2 bytes), align: 1
  Segment part 9.             Intra module refs:   ?EPILOGUE_B8_L09
           ENTRY                   ADDRESS         REF BY
           =====                   =======         ======
           ?EPILOGUE_B7_L09        000006E6 
    -------------------------------------------------------------------------
CODE
  Relative segment, address: CODE 000006E8 - 000006E9 (0x2 bytes), align: 1
  Segment part 10.            Intra module refs:   ?EPILOGUE_B7_L09
           ENTRY                   ADDRESS         REF BY
           =====                   =======         ======
           ?EPILOGUE_B6_L09        000006E8        ds1302_Read_Time (ds1302)
    -------------------------------------------------------------------------
CODE
  Relative segment, address: CODE 000006EA - 000006EB (0x2 bytes), align: 1
  Segment part 11.            Intra module refs:   ?EPILOGUE_B6_L09
           ENTRY                   ADDRESS         REF BY
           =====                   =======         ======
           ?EPILOGUE_B5_L09        000006EA 
    -------------------------------------------------------------------------
CODE
  Relative segment, address: CODE 000006EC - 000006ED (0x2 bytes), align: 1
  Segment part 12.            Intra module refs:   ?EPILOGUE_B5_L09
           ENTRY                   ADDRESS         REF BY
           =====                   =======         ======
           ?EPILOGUE_B4_L09        000006EC        USART_Init (uart)
                                                   _Prout (?xprout)
                                                   fputc (uart)
    -------------------------------------------------------------------------
CODE
  Relative segment, address: CODE 000006EE - 000006EF (0x2 bytes), align: 1
  Segment part 13.            Intra module refs:   ?EPILOGUE_B4_L09
           ENTRY                   ADDRESS         REF BY
           =====                   =======         ======
           ?EPILOGUE_B3_L09        000006EE 
    -------------------------------------------------------------------------
CODE
  Relative segment, address: CODE 000006F0 - 000006F1 (0x2 bytes), align: 1
  Segment part 14.            Intra module refs:   ?EPILOGUE_B3_L09
           ENTRY                   ADDRESS         REF BY
           =====                   =======         ======
           ?EPILOGUE_B2_L09        000006F0 
    -------------------------------------------------------------------------
CODE
  Relative segment, address: CODE 000006F2 - 000006F3 (0x2 bytes), align: 1
  Segment part 15.            Intra module refs:   ?EPILOGUE_B2_L09
[...]
CODE
  Relative segment, address: CODE 00000742 - 00000749 (0x8 bytes), align: 1
  Segment part 3.
           ENTRY                   ADDRESS         REF BY
           =====                   =======         ======
           putchar                 00000742        _Prout (?xprout)
               calls direct
               RSTACK = 00000000 ( 00000002 )

    -------------------------------------------------------------------------
  LIBRARY MODULE, NAME : ?segment_init

  SEGMENTS IN THE MODULE
  ======================
CODE
  Relative segment, address: CODE 0000074A - 00000751 (0x8 bytes), align: 1
  Segment part 3.             Intra module refs:   __segment_init
           LOCAL                   ADDRESS         
           =====                   =======         
           __memclr                0000074A 
               RSTACK = 00000000 ( 00000002 )
    -------------------------------------------------------------------------
CODE
  Relative segment, address: CODE 00000752 - 0000075D (0xc bytes), align: 1
  Segment part 4.             Intra module refs:   __segment_init
           LOCAL                   ADDRESS         
           =====                   =======         
           __flashcpy              00000752 
               RSTACK = 00000000 ( 00000002 )
    -------------------------------------------------------------------------
CODE
  Relative segment, address: CODE 0000075E - 00000769 (0xc bytes), align: 1
  Segment part 5.             Intra module refs:   __flashcpy
                                                   __memclr
    -------------------------------------------------------------------------
CODE
  Relative segment, address: CODE 0000076A - 000007CB (0x62 bytes), align: 1
  Segment part 6.
           ENTRY                   ADDRESS         REF BY
           =====                   =======         ======
           __segment_init          0000076A        ?need_segment_init (?C_STARTUP)
               calls direct
               RSTACK = 00000000 ( 00000002 )

    -------------------------------------------------------------------------
  LIBRARY MODULE, NAME : ?strchr

  SEGMENTS IN THE MODULE
  ======================
CODE
  Relative segment, address: CODE 000007CC - 000007DF (0x14 bytes), align: 1
  Segment part 4.
           ENTRY                   ADDRESS         REF BY
           =====                   =======         ======
           __iar_Strchr            000007CC        _PrintfSmallNoMb (?xprintfsmall_nomb)
               RSTACK = 00000000 ( 00000002 )

    -------------------------------------------------------------------------
  LIBRARY MODULE, NAME : ?strlen

  SEGMENTS IN THE MODULE
  ======================
CODE
  Relative segment, address: CODE 000007E0 - 000007F3 (0x14 bytes), align: 1
  Segment part 3.
           ENTRY                   ADDRESS         REF BY
           =====                   =======         ======
           strlen                  000007E0        _PrintfSmallNoMb (?xprintfsmall_nomb)
               RSTACK = 00000000 ( 00000002 )

    -------------------------------------------------------------------------
  LIBRARY MODULE, NAME : ?xfiles

  SEGMENTS IN THE MODULE
  ======================
NEAR_Z
  Relative segment, address: DATA 000002A3 - 000002F2 (0x50 bytes), align: 0
  Segment part 5.             Intra module refs:   Segment part 10
    -------------------------------------------------------------------------
NEAR_I
  Relative segment, address: DATA 00000273 - 0000029A (0x28 bytes), align: 0
  Segment part 9.             Intra module refs:   Segment part 10
           ENTRY                   ADDRESS         REF BY
           =====                   =======         ======
           __iar_Stdout            00000273        putchar (?putchar)
    -------------------------------------------------------------------------
NEAR_ID
  Relative segment, address: CODE 00000ED6 - 00000EFD (0x28 bytes), align: 0
  Segment part 10.            Intra module refs:   __iar_Stdout

    -------------------------------------------------------------------------
  LIBRARY MODULE, NAME : ?xprintfsmall_nomb

  SEGMENTS IN THE MODULE
  ======================
CODE
  Relative segment, address: CODE 000007F4 - 00000AD1 (0x2de bytes), align: 1
  Segment part 6.
           ENTRY                   ADDRESS         REF BY
           =====                   =======         ======
           _PrintfSmallNoMb        000007F4        printf (?printf)
               calls direct
               CSTACK = 00000000 ( 00000039 )
               RSTACK = 00000000 ( 00000004 )
    -------------------------------------------------------------------------
CODE
  Relative segment, address: CODE 00000AD2 - 00000AD7 (0x6 bytes), align: 1
  Segment part 7.             Intra module refs:   _PrintfSmallNoMb
                                                   _PutcharsSmallNoMb
                                                   pad
    -------------------------------------------------------------------------
CODE
  Relative segment, address: CODE 00000AD8 - 00000AD9 (0x2 bytes), align: 1
  Segment part 8.             Intra module refs:   _LitobSmallNoMb
                                                   _PrintfSmallNoMb
    -------------------------------------------------------------------------
CODE
  Relative segment, address: CODE 00000ADA - 00000ADF (0x6 bytes), align: 1
  Segment part 9.             Intra module refs:   Segment part 11
                                                   Segment part 24
                                                   Segment part 8
    -------------------------------------------------------------------------
CODE
  Relative segment, address: CODE 00000AE0 - 00000AE5 (0x6 bytes), align: 1
  Segment part 10.            Intra module refs:   _PrintfSmallNoMb
    -------------------------------------------------------------------------
CODE
  Relative segment, address: CODE 00000AE6 - 00000AED (0x8 bytes), align: 1
  Segment part 11.            Intra module refs:   _PrintfSmallNoMb
    -------------------------------------------------------------------------
CODE
  Relative segment, address: CODE 00000AEE - 00000AF5 (0x8 bytes), align: 1
  Segment part 12.            Intra module refs:   _PrintfSmallNoMb
    -------------------------------------------------------------------------
CODE
  Relative segment, address: CODE 00000AF6 - 00000B0B (0x16 bytes), align: 1
  Segment part 13.            Intra module refs:   _PrintfSmallNoMb
    -------------------------------------------------------------------------
CODE
  Relative segment, address: CODE 00000B0C - 00000B15 (0xa bytes), align: 1
  Segment part 14.            Intra module refs:   Segment part 17
                                                   _PrintfSmallNoMb
    -------------------------------------------------------------------------
CODE
  Relative segment, address: CODE 00000B16 - 00000B1D (0x8 bytes), align: 1
  Segment part 15.            Intra module refs:   _PrintfSmallNoMb
    -------------------------------------------------------------------------
CODE
  Relative segment, address: CODE 00000B1E - 00000B1F (0x2 bytes), align: 1
  Segment part 16.            Intra module refs:   _PrintfSmallNoMb
    -------------------------------------------------------------------------
CODE
  Relative segment, address: CODE 00000B20 - 00000B2D (0xe bytes), align: 1
  Segment part 17.            Intra module refs:   Segment part 16
                                                   _PrintfSmallNoMb
    -------------------------------------------------------------------------
CODE
  Relative segment, address: CODE 00000B2E - 00000B33 (0x6 bytes), align: 1
  Segment part 18.            Intra module refs:   LoadInt
                                                   Segment part 15
                                                   Segment part 16
                                                   _PrintfSmallNoMb
    -------------------------------------------------------------------------
CODE
  Relative segment, address: CODE 00000B34 - 00000B35 (0x2 bytes), align: 1
  Segment part 19.            Intra module refs:   _PrintfSmallNoMb
    -------------------------------------------------------------------------
CODE
  Relative segment, address: CODE 00000B36 - 00000B3B (0x6 bytes), align: 1
  Segment part 20.            Intra module refs:   Segment part 19
                                                   _PrintfSmallNoMb
    -------------------------------------------------------------------------
CODE
  Relative segment, address: CODE 00000B3C - 00000B45 (0xa bytes), align: 1
  Segment part 21.            Intra module refs:   _PrintfSmallNoMb
    -------------------------------------------------------------------------
CODE
  Relative segment, address: CODE 00000B46 - 00000B4B (0x6 bytes), align: 1
  Segment part 22.            Intra module refs:   _PrintfSmallNoMb
    -------------------------------------------------------------------------
CODE
  Relative segment, address: CODE 00000B4C - 00000B4F (0x4 bytes), align: 1
  Segment part 23.            Intra module refs:   Segment part 22
                                                   Segment part 31
    -------------------------------------------------------------------------
CODE
  Relative segment, address: CODE 00000B50 - 00000B59 (0xa bytes), align: 1
  Segment part 24.            Intra module refs:   _PrintfSmallNoMb
    -------------------------------------------------------------------------
CODE
  Relative segment, address: CODE 00000B5A - 00000B5B (0x2 bytes), align: 1
  Segment part 25.            Intra module refs:   _PrintfSmallNoMb
    -------------------------------------------------------------------------
CODE
  Relative segment, address: CODE 00000B5C - 00000B67 (0xc bytes), align: 1
  Segment part 26.            Intra module refs:   Segment part 25
                                                   Segment part 28
    -------------------------------------------------------------------------
CODE
  Relative segment, address: CODE 00000B68 - 00000B6D (0x6 bytes), align: 1
  Segment part 27.            Intra module refs:   Segment part 25
                                                   _PrintfSmallNoMb
    -------------------------------------------------------------------------
CODE
  Relative segment, address: CODE 00000B6E - 00000B75 (0x8 bytes), align: 1
  Segment part 28.            Intra module refs:   _PrintfSmallNoMb
    -------------------------------------------------------------------------
CODE
  Relative segment, address: CODE 00000B76 - 00000B7F (0xa bytes), align: 1
  Segment part 29.            Intra module refs:   Segment part 10
                                                   Segment part 28
    -------------------------------------------------------------------------
CODE
  Relative segment, address: CODE 00000B80 - 00000B83 (0x4 bytes), align: 1
  Segment part 30.            Intra module refs:   _PrintfSmallNoMb
    -------------------------------------------------------------------------
CODE
  Relative segment, address: CODE 00000B84 - 00000B8B (0x8 bytes), align: 1
  Segment part 31.            Intra module refs:   Segment part 30
                                                   _PrintfSmallNoMb
    -------------------------------------------------------------------------
CODE
  Relative segment, address: CODE 00000B8C - 00000BFD (0x72 bytes), align: 1
  Segment part 32.            Intra module refs:   _PrintfSmallNoMb
           LOCAL                   ADDRESS         
           =====                   =======         
           LoadInt                 00000B8C 
               RSTACK = 00000000 ( 00000002 )
    -------------------------------------------------------------------------
CODE
  Relative segment, address: CODE 00000BFE - 00000C03 (0x6 bytes), align: 1
  Segment part 33.            Intra module refs:   LoadInt
    -------------------------------------------------------------------------
CODE
  Relative segment, address: CODE 00000C04 - 00000C17 (0x14 bytes), align: 1
  Segment part 34.            Intra module refs:   LoadInt
                                                   Segment part 33
    -------------------------------------------------------------------------
CODE
  Relative segment, address: CODE 00000C18 - 00000C1D (0x6 bytes), align: 1
  Segment part 35.            Intra module refs:   LoadInt
                                                   _PrintfSmallNoMb
    -------------------------------------------------------------------------
CODE
  Relative segment, address: CODE 00000C1E - 00000C27 (0xa bytes), align: 1
  Segment part 36.            Intra module refs:   LoadInt
                                                   _PrintfSmallNoMb
    -------------------------------------------------------------------------
CODE
  Relative segment, address: CODE 00000C28 - 00000C63 (0x3c bytes), align: 1
  Segment part 37.            Intra module refs:   Segment part 31
           LOCAL                   ADDRESS         
           =====                   =======         
           pad                     00000C28 
               calls direct
               CSTACK = 00000000 ( 00000009 )
               RSTACK = 00000000 ( 00000002 )
    -------------------------------------------------------------------------
CODE
  Relative segment, address: CODE 00000C64 - 00000C67 (0x4 bytes), align: 1
  Segment part 38.            Intra module refs:   _PrintfSmallNoMb
                                                   _PutcharsSmallNoMb
                                                   pad
    -------------------------------------------------------------------------
CODE
  Relative segment, address: CODE 00000C68 - 00000DC7 (0x160 bytes), align: 1
  Segment part 39.            Intra module refs:   _PrintfSmallNoMb
           LOCAL                   ADDRESS         
           =====                   =======         
           _LitobSmallNoMb         00000C68 
               CSTACK = 00000000 ( 00000013 )
               RSTACK = 00000000 ( 00000004 )
    -------------------------------------------------------------------------
CODE
  Relative segment, address: CODE 00000DC8 - 00000DD5 (0xe bytes), align: 1
  Segment part 40.            Intra module refs:   _LitobSmallNoMb
    -------------------------------------------------------------------------
CODE
  Relative segment, address: CODE 00000DD6 - 00000E0F (0x3a bytes), align: 1
  Segment part 41.            Intra module refs:   _PrintfSmallNoMb
                                                   _PutcharsSmallNoMb
           LOCAL                   ADDRESS         
           =====                   =======         
           _PutcharSmallNoMb       00000DD6 
               calls indirect
               CSTACK = 00000000 ( 00000002 )
               RSTACK = 00000000 ( 00000002 )
    -------------------------------------------------------------------------
CODE
  Relative segment, address: CODE 00000E10 - 00000E3D (0x2e bytes), align: 1
  Segment part 42.            Intra module refs:   Segment part 22
                                                   pad
           LOCAL                   ADDRESS         
           =====                   =======         
           _PutcharsSmallNoMb      00000E10 
               calls direct
               CSTACK = 00000000 ( 00000008 )
               RSTACK = 00000000 ( 00000002 )
    -------------------------------------------------------------------------
NEAR_ID
  Relative segment, address: CODE 00000EFE - 00000F03 (0x6 bytes), align: 0
  Segment part 4.             Intra module refs:   Segment part 3
    -------------------------------------------------------------------------
NEAR_I
  Relative segment, address: DATA 0000029B - 000002A0 (0x6 bytes), align: 0
  Segment part 3.             Intra module refs:   _PrintfSmallNoMb

    -------------------------------------------------------------------------
  LIBRARY MODULE, NAME : ?xprout

  SEGMENTS IN THE MODULE
  ======================
CODE
  Relative segment, address: CODE 00000E3E - 00000E61 (0x24 bytes), align: 1
  Segment part 3.
           ENTRY                   ADDRESS         REF BY
           =====                   =======         ======
           _Prout                  00000E3E        printf (?printf)
               calls direct
               CSTACK = 00000000 ( 00000004 )
               RSTACK = 00000000 ( 00000002 )

    *************************************************************************

  DEFINED ABSOLUTE ENTRIES
  PROGRAM MODULE, NAME : ?FILLER_BYTES

  SEGMENTS IN THE MODULE
  ======================
INTVEC
  Common segment, address: CODE 00000000 - 0000007B (0x7c bytes), align: 0
  Segment part 1.
    -------------------------------------------------------------------------
?FILL1
  Relative segment, address: CODE 0000007C - 0000008B (0x10 bytes), align: 0
  Segment part 0.




                ****************************************
                *                                      *
                *      SEGMENTS IN ADDRESS ORDER       *
                *                                      *
                ****************************************


SEGMENT              SPACE    START ADDRESS   END ADDRESS     SIZE  TYPE  ALIGN
=======              =====    =============   ===========     ====  ====  =====
INTVEC               CODE          00000000 - 0000007B          7C   com    1
?FILL1               CODE          0000007C - 0000008B          10   rel    0
CODE                 CODE          0000008C - 00000E61         DD6   rel    1
<FAR_F> 1            CODE          00000E62 - 00000E73          12   rel    0
INITTAB              CODE          00000E74 - 00000E81           E   rel    0
NEAR_ID              CODE          00000E82 - 00000F03          82   rel    0
ABSOLUTE             DATA               0000001C                     rel    0
                     DATA               0000001D                   
                     DATA               0000001E                   
                     DATA               0000001F                   
                     DATA          00000021 - 00000027           7 
                     DATA          00000029 - 0000002F           7 
                     DATA          00000031 - 00000035           5 
                     DATA          00000037 - 00000038           2 
                     DATA          0000003A - 00000040           7 
                     DATA          0000004C - 0000004F           4 
                     DATA          00000051 - 00000053           3 
                     DATA          00000056 - 00000057           2 
                     DATA          00000059 - 00000059           1 
                     DATA          0000005F - 0000005F           1 
                     DATA          00000061 - 00000062           2 
                     DATA          0000006A - 0000006A           1 
                     DATA          0000007A - 0000007A           1 
                     DATA          00000090 - 00000090           1 
                     DATA          00000095 - 00000095           1 
                     DATA          0000009B - 0000009C           2 
CSTACK               DATA          00000100 - 000001FE          FF   dse    0
RSTACK               DATA          000001FF - 0000021E          20   dse    0
NEAR_I               DATA          0000021F - 000002A0          82   rel    0
NEAR_Z               DATA          000002A1 - 000002F2          52   rel    0

                ****************************************
                *                                      *
                *        END OF CROSS REFERENCE        *
                *                                      *
                ****************************************

 3 828 bytes of CODE memory (+             16 range fill )
   499 bytes of DATA memory (+ 47 absolute )

Errors: none
Warnings: none

